====================================
Server Health Check: Wed Oct  7 16:38:37 UTC 2026
====================================
CPU Load:
 16:38:37 up 21 min,  1 user,  load average: 0.02, 0.04, 0.01

Memory Usage:
               total        used        free      shared  buff/cache   available
Mem:           908Mi       321Mi       190Mi       2.7Mi       511Mi       586Mi
Swap:             0B          0B          0B

Disk Usage:
Filesystem       Size  Used Avail Use% Mounted on
/dev/root        6.7G  2.3G  4.4G  35% /
tmpfs            455M     0  455M   0% /dev/shm
tmpfs            182M  904K  181M   1% /run
efivarfs         128K  3.1K  120K   3% /sys/firmware/efi/efivars
tmpfs            455M     0  455M   0% /tmp
none             1.0M     0  1.0M   0% /run/credentials/systemd-journald.service
none             1.0M     0  1.0M   0% /run/credentials/systemd-resolved.service
/dev/nvme0n1p13  989M   96M  827M  11% /boot
/dev/nvme0n1p15  105M  6.3M   99M   7% /boot/efi
none             1.0M     0  1.0M   0% /run/credentials/systemd-networkd.service
none             1.0M     0  1.0M   0% /run/credentials/getty@tty1.service
none             1.0M     0  1.0M   0% /run/credentials/serial-getty@ttyS0.service
tmpfs             91M  8.0K   91M   1% /run/user/1000

====================================
Server Health Check: Wed Oct  7 16:41:03 UTC 2026
====================================
CPU Load:
 16:41:03 up 24 min,  1 user,  load average: 0.00, 0.02, 0.00

Memory Usage:
               total        used        free      shared  buff/cache   available
Mem:           908Mi       315Mi       195Mi       2.7Mi       511Mi       592Mi
Swap:             0B          0B          0B

Disk Usage:
Filesystem       Size  Used Avail Use% Mounted on
/dev/root        6.7G  2.3G  4.4G  35% /
tmpfs            455M     0  455M   0% /dev/shm
tmpfs            182M  904K  181M   1% /run
efivarfs         128K  3.1K  120K   3% /sys/firmware/efi/efivars
tmpfs            455M     0  455M   0% /tmp
none             1.0M     0  1.0M   0% /run/credentials/systemd-journald.service
none             1.0M     0  1.0M   0% /run/credentials/systemd-resolved.service
/dev/nvme0n1p13  989M   96M  827M  11% /boot
/dev/nvme0n1p15  105M  6.3M   99M   7% /boot/efi
none             1.0M     0  1.0M   0% /run/credentials/systemd-networkd.service
none             1.0M     0  1.0M   0% /run/credentials/getty@tty1.service
none             1.0M     0  1.0M   0% /run/credentials/serial-getty@ttyS0.service
tmpfs             91M  8.0K   91M   1% /run/user/1000
Disk usage is normal

